mmc_ssp.h:115:6:xchg_spi	16	static
mmc_ssp.h:127:6:rcvr_spi_multi	24	static
mmc_ssp.h:165:6:xmit_spi_multi	24	static
mmc_ssp.h:206:5:wait_ready	24	static
mmc_ssp.h:231:6:deselect	8	static
mmc_ssp.h:244:5:select	8	static
mmc_ssp.h:262:6:power_on	4	static
mmc_ssp.h:286:6:power_off	8	static
mmc_ssp.h:299:5:rcvr_datablock	24	static
mmc_ssp.h:330:5:xmit_datablock	24	static
mmc_ssp.h:360:6:send_cmd	24	static
mmc_ssp.h:414:9:disk_initialize	32	static
mmc_ssp.h:473:9:disk_status	16	static
mmc_ssp.h:488:9:disk_read	32	static
mmc_ssp.h:522:9:disk_write	24	static
mmc_ssp.h:564:9:disk_ioctl	64	static
mmc_ssp.h:718:6:disk_timerproc	16	static
fatfs.c:566:6:ld_word	24	static
fatfs.c:576:7:ld_dword	24	static
fatfs.c:589:7:ld_qword	80	static
fatfs.c:607:6:st_word	16	static
fatfs.c:614:6:st_dword	16	static
fatfs.c:624:6:st_qword	24	static
fatfs.c:646:6:mem_cpy	32	static
fatfs.c:661:6:mem_set	32	static
fatfs.c:673:5:mem_cmp	40	static
fatfs.c:688:5:chk_chr	16	static
fatfs.c:697:5:dbc_1st	16	static
fatfs.c:718:5:dbc_2nd	16	static
fatfs.c:887:9:sync_window	24	static
fatfs.c:910:9:move_window	24	static
fatfs.c:942:9:sync_fs	24	static
fatfs.c:980:7:clst2sect	16	static
fatfs.c:998:7:get_fat	48	static
fatfs.c:1076:9:put_fat	48	static
fatfs.c:1142:7:find_bitmap	48	static
fatfs.c:1183:9:change_bitmap	40	static
fatfs.c:1220:9:fill_first_frag	32	static
fatfs.c:1244:9:fill_last_frag	32	static
fatfs.c:1270:9:remove_chain	48	static
fatfs.c:1365:7:create_chain	40	static
fatfs.c:1500:9:dir_clear	32	static
fatfs.c:1540:9:dir_sdi	32	static
fatfs.c:1589:9:dir_next	32	static
fatfs.c:1650:9:dir_alloc	32	static
fatfs.c:1693:7:ld_clust	24	static
fatfs.c:1711:6:st_clust	24	static
fatfs.c:1731:5:cmp_lfn	40	static
fatfs.c:1767:5:pick_lfn	32	static
fatfs.c:1805:6:put_lfn	40	static
fatfs.c:1843:6:gen_numname	56	static
fatfs.c:1902:6:sum_sfn	24	static
fatfs.c:1925:6:xdir_sum	32	static
fatfs.c:1947:6:xname_sum	24	static
fatfs.c:1966:7:xsum32	16	static
fatfs.c:1983:6:get_xdir_info	40	static
fatfs.c:2022:9:load_xdir	40	static
fatfs.c:2074:9:load_obj_xdir	40	static
fatfs.c:2103:9:store_xdir	40	static
fatfs.c:2136:6:create_xdir	32	static
fatfs.c:2179:9:dir_read	32	static
fatfs.c:2258:9:dir_find	48	static
fatfs.c:2340:9:dir_register	160	static
fatfs.c:2447:9:dir_remove	32	static
fatfs.c:2495:6:get_fileinfo	48	static
fatfs.c:2597:7:get_achar	24	static
fatfs.c:2624:5:pattern_matching	48	static
fatfs.c:2672:9:create_name	48	static
fatfs.c:2878:9:follow_path	128	static
fatfs.c:2968:5:get_ldnumber	32	static
fatfs.c:3029:6:check_fs	16	static
fatfs.c:3057:9:find_volume	128	static
fatfs.c:3283:9:validate	24	static
fatfs.c:3327:9:f_mount_SD	40	static
fatfs.c:3378:9:f_open_SD	176	static
fatfs.c:3574:9:f_read_SD	104	static
fatfs.c:3673:9:f_write	80	static
fatfs.c:3791:9:f_sync	128	static
fatfs.c:3874:9:f_close_SD	24	static
fatfs.c:3929:9:f_chdir	128	static
fatfs.c:3981:9:f_getcwd	424	static
fatfs.c:4061:9:f_lseek_SD	152	static
fatfs.c:4222:9:f_opendir	32	static
fatfs.c:4290:9:f_closedir	24	static
fatfs.c:4320:9:f_readdir	24	static
fatfs.c:4356:9:f_findnext	24	static
fatfs.c:4381:9:f_findfirst	32	static
fatfs.c:4408:9:f_stat	112	static
fatfs.c:4443:9:f_getfree	112	static
fatfs.c:4532:9:f_truncate	40	static
fatfs.c:4582:9:f_unlink	264	static
fatfs.c:4677:9:f_mkdir	144	static
fatfs.c:4765:9:f_rename	288	static
fatfs.c:4875:9:f_chmod	120	static
fatfs.c:4922:9:f_utime	120	static
fatfs.c:4969:9:f_getlabel	136	static
fatfs.c:5061:9:f_setlabel	160	static
fatfs.c:5349:9:f_mkfs	176	static
fatfs.c:6223:8:f_gets_SD	40	static
